                      (asm/kernel_f000.a):00001         ; kernel_f000.asm
                      (asm/kernel_f000.a):00002         ;
                      (asm/kernel_f000.a):00003         ;  ./asm/build.sh asm/kernel_f000
                      (asm/kernel_f000.a):00004         ;
                      (asm/kernel_f000.a):00005                 INCLUDE "memory_map.asm"
                      (   memory_map.asm):00001         ;  **********************************************
                      (   memory_map.asm):00002         ;  * Allocated 64k Memory Mapped System Symbols *
                      (   memory_map.asm):00003         ;  **********************************************
     0000             (   memory_map.asm):00004         SOFT_VECTORS = $0000  
                      (   memory_map.asm):00005                 
                      (   memory_map.asm):00006                   ; Software Interrupt Vectors:
     0000             (   memory_map.asm):00007         SOFT_RSRVD   = $0000    ; Motorola RESERVED Software Interrupt Vector
     0002             (   memory_map.asm):00008         SOFT_SWI3    = $0002    ; SWI3 Software Interrupt Vector
     0004             (   memory_map.asm):00009         SOFT_SWI2    = $0004    ; SWI2 Software Interrupt Vector
     0006             (   memory_map.asm):00010         SOFT_FIRQ    = $0006    ; FIRQ Software Interrupt Vector
     0008             (   memory_map.asm):00011         SOFT_IRQ     = $0008    ; IRQ Software Interrupt Vector
     000A             (   memory_map.asm):00012         SOFT_SWI     = $000A    ; SWI / SYS Software Interrupt Vector
     000C             (   memory_map.asm):00013         SOFT_NMI     = $000C    ; NMI Software Interrupt Vector
     000E             (   memory_map.asm):00014         SOFT_RESET   = $000E    ; RESET Software Interrupt Vector
                      (   memory_map.asm):00015                 
     0010             (   memory_map.asm):00016         ZERO_PAGE    = $0010  
     0100             (   memory_map.asm):00017         SYSTEM_STACK = $0100  
     0300             (   memory_map.asm):00018         SSTACK_TOP   = $0300    ; Top of the system stack space
     0300             (   memory_map.asm):00019         USER_STACK   = $0300  
     0400             (   memory_map.asm):00020         USTACK_TOP   = $0400    ; Top of the user stack space
                      (   memory_map.asm):00021                 
                      (   memory_map.asm):00022                   ; Display Buffer
     0400             (   memory_map.asm):00023         SCREEN_BUFFER = $0400  
                      (   memory_map.asm):00024                 
                      (   memory_map.asm):00025                   ; Device Registers:
     1C00             (   memory_map.asm):00026         HDW_REGS     = $1C00    ; Begin Device Hardware Registers
                      (   memory_map.asm):00027                 
     1C00             (   memory_map.asm):00028         STD_VID_MAX  = $1C00    ;  (Word) Standard Video Buffer Max
                      (   memory_map.asm):00029                 
     1C02             (   memory_map.asm):00030         DSP_GRES     = $1C02    ;  (Byte) Screen Resolution Register
                      (   memory_map.asm):00031                   ; DSP_GRES: BBRR.HHVV
                      (   memory_map.asm):00032                   ;     BB:00 = Standard Graphics 1-bpp (2-color mode)
                      (   memory_map.asm):00033                   ;     BB:01 = Standard Graphics 2-bpp (4-color mode)
                      (   memory_map.asm):00034                   ;     BB:10 = Standard Graphics 4-bpp (16-color mode)
                      (   memory_map.asm):00035                   ;     BB:11 = Standard Graphics 8-bpp (256-color mode)
                      (   memory_map.asm):00036                   ;     RR:00 = 16:9  aspect (1.777778)
                      (   memory_map.asm):00037                   ;     RR:01 = 16:10 aspect (1.600000)
                      (   memory_map.asm):00038                   ;     RR:10 = 16:11 aspect (1.454545)
                      (   memory_map.asm):00039                   ;     RR:11 = 16:12 aspect (1.333333)
                      (   memory_map.asm):00040                   ;     HH:00 = 4x Horizontal Overscan Multiplier
                      (   memory_map.asm):00041                   ;     HH:01 = 3x Horizontal Overscan Multiplier
                      (   memory_map.asm):00042                   ;     HH:10 = 2x Horizontal Overscan Multiplier
                      (   memory_map.asm):00043                   ;     HH:11 = 1x Horizontal Overscan Multiplier
                      (   memory_map.asm):00044                   ;     VV:00 = 4x Vertical Overscan Multiplier
                      (   memory_map.asm):00045                   ;     VV:01 = 3x Vertical Overscan Multiplier
                      (   memory_map.asm):00046                   ;     VV:10 = 2x Vertical Overscan Multiplier
                      (   memory_map.asm):00047                   ;     VV:11 = 1x Vertical Overscan Multiplier
                      (   memory_map.asm):00048                 
     1C03             (   memory_map.asm):00049         DSP_EXT      = $1C03    ;  (Byte) Extended Graphics Register
                      (   memory_map.asm):00050                   ; DSP_EXT: ABCD.EFGG
                      (   memory_map.asm):00051                   ;      AA:00 = Extended Graphics 1bpp (2-color mode) 
                      (   memory_map.asm):00052                   ;      AA:01 = Extended Graphics 2bpp (4-color mode) 
                      (   memory_map.asm):00053                   ;      AA:10 = Extended Graphics 4bpp (16-color mode) 
                      (   memory_map.asm):00054                   ;      AA:11 = Extended Graphics 4bpp (16-color mode) 
                      (   memory_map.asm):00055                   ;      B:0   = Extended Graphics: DISABLED 
                      (   memory_map.asm):00056                   ;      B:1   = Extended Graphics: ENABLED 
                      (   memory_map.asm):00057                   ;      C:0   = Extended Extended Mode: BITMAP 
                      (   memory_map.asm):00058                   ;      C:1   = Extended Extended Mode: TILES 
                      (   memory_map.asm):00059                   ;      D:0   = Standard Graphics: DISABLED 
                      (   memory_map.asm):00060                   ;      D:1   = Standard Graphics: ENABLED 
                      (   memory_map.asm):00061                   ;      E:0   = Standard Display Mode: TEXT 
                      (   memory_map.asm):00062                   ;      E:1   = Standard Display Mode: BITMAP 
                      (   memory_map.asm):00063                   ;      F:0   = VSYNC OFF 
                      (   memory_map.asm):00064                   ;      F:1   = VSYNC ON 
                      (   memory_map.asm):00065                   ;      B:0   = Fullscreen Enabled( emulator only ) 
                      (   memory_map.asm):00066                   ;      B:1   = Windowed Enabled ( emulator only ) 
                      (   memory_map.asm):00067                 
     1C04             (   memory_map.asm):00068         DSP_ERR      = $1C04    ;  (Byte) Display Sub-System Error Code Register
                      (   memory_map.asm):00069                   ; DSP_ERR: ABCD.EFGH
                      (   memory_map.asm):00070                   ;      A:0   = Standard Buffer Overflow 
                      (   memory_map.asm):00071                   ;      B:0   = Extended Buffer Overflow 
                      (   memory_map.asm):00072                   ;      C:0   = Reserved 
                      (   memory_map.asm):00073                   ;      D:0   = Reserved 
                      (   memory_map.asm):00074                   ;      E:0   = Reserved 
                      (   memory_map.asm):00075                   ;      F:0   = Reserved 
                      (   memory_map.asm):00076                   ;      G:0   = Reserved 
                      (   memory_map.asm):00077                   ;      H:0   = Reserved 
                      (   memory_map.asm):00078                 
     1C05             (   memory_map.asm):00079         DSP_TXT_COLS = $1C05    ;  (Byte) READ-ONLY Text Screen Columns
     1C06             (   memory_map.asm):00080         DSP_TXT_ROWS = $1C06    ;  (Byte) READ-ONLY Text Screens Rows
                      (   memory_map.asm):00081                 
     1C07             (   memory_map.asm):00082         DSP_PAL_IDX  = $1C07    ;  (Byte) Color Palette Index
                      (   memory_map.asm):00083                   ; DSP_PAL_IDX: 0-255
                      (   memory_map.asm):00084                   ; Note: Use this register to set the index into theColor Palette. 
                      (   memory_map.asm):00085                   ;   Set this value prior referencing color data (DSP_PAL_CLR).
                      (   memory_map.asm):00086                 
     1C08             (   memory_map.asm):00087         DSP_PAL_CLR  = $1C08    ;  (Word) Indexed Color Palette Data
                      (   memory_map.asm):00088                   ; DSP_PAL_CLR: Color Data A4R4G4B4 format
                      (   memory_map.asm):00089                   ; Note: This is the color data for an individual palette entry.
                      (   memory_map.asm):00090                   ;     Write to DSP_PAL_IDX with the index within the color palette
                      (   memory_map.asm):00091                   ;     prior to reading or writing the color data in the DSP_PAL_CLR register.
                      (   memory_map.asm):00092                 
     1C0A             (   memory_map.asm):00093         DSP_GLYPH_IDX = $1C0A    ;  (Byte) Text Glyph Index
                      (   memory_map.asm):00094                   ; DSP_GLYPH_IDX: 0-256
                      (   memory_map.asm):00095                   ; Note: Set this register to index a specific text glyph. Set this value
                      (   memory_map.asm):00096                   ;     prior to updating glyph pixel data.
                      (   memory_map.asm):00097                 
     1C0B             (   memory_map.asm):00098         DSP_GLYPH_DATA = $1C0B    ;  (8-Bytes) Text Glyph Pixel Data Array
                      (   memory_map.asm):00099                   ; DSP_GLYPH_DATA: 8 rows of binary encoded glyph pixel data
                      (   memory_map.asm):00100                   ; Note: Each 8x8 text glyph is composed of 8 bytes. The first byte in this 
                      (   memory_map.asm):00101                   ;     array represents the top line of 8 pixels. Each array entry represents
                      (   memory_map.asm):00102                   ;     a row of 8 pixels. 
                      (   memory_map.asm):00103                 
                      (   memory_map.asm):00104             ; 5101 ($13ED) bytes remaining for additional registers.
     1C13             (   memory_map.asm):00105         RESERVED     = $1C13  
                      (   memory_map.asm):00106                 
                      (   memory_map.asm):00107                   ; User RAM (32K)
     3000             (   memory_map.asm):00108         USER_RAM     = $3000  
                      (   memory_map.asm):00109                 
                      (   memory_map.asm):00110                   ; Paged RAM (8K)
     B000             (   memory_map.asm):00111         PAGED_RAM    = $B000  
                      (   memory_map.asm):00112                 
                      (   memory_map.asm):00113                   ; PAGED ROM (8K bytes)
     D000             (   memory_map.asm):00114         PAGED_ROM    = $D000  
                      (   memory_map.asm):00115                 
                      (   memory_map.asm):00116                   ; KERNEL ROM (4K bytes)
     F000             (   memory_map.asm):00117         KERNEL_ROM   = $F000  
                      (   memory_map.asm):00118                 
                      (   memory_map.asm):00119                   ; Hardware Interrupt Vectors:
     FFF0             (   memory_map.asm):00120         HARD_RSRVD   = $FFF0    ; Motorola RESERVED Hardware Interrupt Vector
     FFF2             (   memory_map.asm):00121         HARD_SWI3    = $FFF2    ; SWI3 Hardware Interrupt Vector
     FFF4             (   memory_map.asm):00122         HARD_SWI2    = $FFF4    ; SWI2 Hardware Interrupt Vector
     FFF6             (   memory_map.asm):00123         HARD_FIRQ    = $FFF6    ; FIRQ Hardware Interrupt Vector
     FFF8             (   memory_map.asm):00124         HARD_IRQ     = $FFF8    ; IRQ Hardware Interrupt Vector
     FFFA             (   memory_map.asm):00125         HARD_SWI     = $FFFA    ; SWI / SYS Hardware Interrupt Vector
     FFFC             (   memory_map.asm):00126         HARD_NMI     = $FFFC    ; NMI Hardware Interrupt Vector
     FFFE             (   memory_map.asm):00127         HARD_RESET   = $FFFE    ; RESET Hardware Interrupt Vector
                      (   memory_map.asm):00128         ; END of definitions
                      (asm/kernel_f000.a):00006         
                      (asm/kernel_f000.a):00007                 org     $f000   
                      (asm/kernel_f000.a):00008         
F000                  (asm/kernel_f000.a):00009         start   
                      (asm/kernel_f000.a):00010         
                      (asm/kernel_f000.a):00011         ; fill the screen
F000 8600             (asm/kernel_f000.a):00012                 lda     #$00
F002 8E0400           (asm/kernel_f000.a):00013                 ldx     #SCREEN_BUFFER
F005                  (asm/kernel_f000.a):00014         lp1     
F005 4C               (asm/kernel_f000.a):00015                 inca
F006 A780             (asm/kernel_f000.a):00016                 sta     ,x+
F008 BC1C00           (asm/kernel_f000.a):00017                 cmpx    STD_VID_MAX
F00B 2FF8             (asm/kernel_f000.a):00018                 ble     lp1
                      (asm/kernel_f000.a):00019         
                      (asm/kernel_f000.a):00020         ; cycle the palette colors
                      (asm/kernel_f000.a):00021         ;       lda     #0      
                      (asm/kernel_f000.a):00022         ;lp2    sta     DSP_PAL_IDX
                      (asm/kernel_f000.a):00023         ;       ldy     DSP_PAL_CLR
                      (asm/kernel_f000.a):00024         ;       leay    256,y
                      (asm/kernel_f000.a):00025         ;       sty     DSP_PAL_CLR
                      (asm/kernel_f000.a):00026         ;       inca
                      (asm/kernel_f000.a):00027         ;       bra     lp2
                      (asm/kernel_f000.a):00028         
                      (asm/kernel_f000.a):00029         ; increment the text glyph bitmaps
                      (asm/kernel_f000.a):00030         ;       lda     #0
                      (asm/kernel_f000.a):00031         ;lp4    sta     DSP_GLYPH_IDX
                      (asm/kernel_f000.a):00032         ;       ldx     #DSP_GLYPH_DATA
                      (asm/kernel_f000.a):00033         ;lp_b   rol     ,x+
                      (asm/kernel_f000.a):00034         ;       cmpx    #DSP_GLYPH_DATA+8
                      (asm/kernel_f000.a):00035         ;       blt     lp_b
                      (asm/kernel_f000.a):00036         ;       inca
                      (asm/kernel_f000.a):00037         ;       bra     lp4
                      (asm/kernel_f000.a):00038         
                      (asm/kernel_f000.a):00039         
                      (asm/kernel_f000.a):00040         ; increment the characters on the screen
F00D                  (asm/kernel_f000.a):00041         inc_screen
F00D 8E0400           (asm/kernel_f000.a):00042                 ldx     #SCREEN_BUFFER
F010                  (asm/kernel_f000.a):00043         lp3
F010 6C80             (asm/kernel_f000.a):00044                 inc     ,x+
F012 BC1C00           (asm/kernel_f000.a):00045                 cmpx    STD_VID_MAX
F015 2FF9             (asm/kernel_f000.a):00046                 ble     lp3
                      (asm/kernel_f000.a):00047         
F017 20F4             (asm/kernel_f000.a):00048                 bra     inc_screen
                      (asm/kernel_f000.a):00049         
                      (asm/kernel_f000.a):00050         
                      (asm/kernel_f000.a):00051         
                      (asm/kernel_f000.a):00052         
                      (asm/kernel_f000.a):00053                 org     $FFF0
FFF0 0000             (asm/kernel_f000.a):00054                 fdb     $0000   ; HARD_RSRVD    Motorola RESERVED Hardware Interrupt Vector
FFF2 0000             (asm/kernel_f000.a):00055                 fdb     $0000   ; HARD_SWI3     SWI3 Hardware Interrupt Vector
FFF4 0000             (asm/kernel_f000.a):00056                 fdb     $0000   ; HARD_SWI2     SWI2 Hardware Interrupt Vector
FFF6 0000             (asm/kernel_f000.a):00057                 fdb     $0000   ; HARD_FIRQ     FIRQ Hardware Interrupt Vector
FFF8 0000             (asm/kernel_f000.a):00058                 fdb     $0000   ; HARD_IRQ      IRQ Hardware Interrupt Vector
FFFA 0000             (asm/kernel_f000.a):00059                 fdb     $0000   ; HARD_SWI      SWI / SYS Hardware Interrupt Vector
FFFC 0000             (asm/kernel_f000.a):00060                 fdb     $0000   ; HARD_NMI      NMI Hardware Interrupt Vector
FFFE F000             (asm/kernel_f000.a):00061                 fdb     $F000   ; HARD_RESET    RESET Hardware Interrupt Vector
